// Jest Snapshot v1, https://goo.gl/fbAQLP

exports[`combineValidationStatus() 1`] = `"untouched"`;

exports[`combineValidationStatus(in progress, invalid, invalid) 1`] = `"in progress"`;

exports[`combineValidationStatus(in progress, invalid, valid, untouched) 1`] = `"in progress"`;

exports[`combineValidationStatus(valid, invalid, untouched) 1`] = `"invalid"`;

exports[`mergeValidationStatus(in progress, in progress) 1`] = `"in progress"`;

exports[`mergeValidationStatus(in progress, invalid) 1`] = `"in progress"`;

exports[`mergeValidationStatus(in progress, untouched) 1`] = `"in progress"`;

exports[`mergeValidationStatus(in progress, valid) 1`] = `"in progress"`;

exports[`mergeValidationStatus(invalid, in progress) 1`] = `"in progress"`;

exports[`mergeValidationStatus(invalid, invalid) 1`] = `"invalid"`;

exports[`mergeValidationStatus(invalid, untouched) 1`] = `"invalid"`;

exports[`mergeValidationStatus(invalid, valid) 1`] = `"invalid"`;

exports[`mergeValidationStatus(untouched, in progress) 1`] = `"in progress"`;

exports[`mergeValidationStatus(untouched, invalid) 1`] = `"invalid"`;

exports[`mergeValidationStatus(untouched, untouched) 1`] = `"untouched"`;

exports[`mergeValidationStatus(untouched, valid) 1`] = `"untouched"`;

exports[`mergeValidationStatus(valid, in progress) 1`] = `"in progress"`;

exports[`mergeValidationStatus(valid, invalid) 1`] = `"invalid"`;

exports[`mergeValidationStatus(valid, untouched) 1`] = `"untouched"`;

exports[`mergeValidationStatus(valid, valid) 1`] = `"valid"`;
