// Jest Snapshot v1, https://goo.gl/fbAQLP

exports[`\`route()\` registers on a class 1`] = `
Array [
  Object {
    "method": "GET",
    "options": undefined,
    "property": "method",
    "returnType": undefined,
    "scope": undefined,
    "target": TestController {},
    "url": "/get",
  },
]
`;
