// Jest Snapshot v1, https://goo.gl/fbAQLP

exports[`the generated schema is the same as a manually defined schema 1`] = `
Object {
  "anInteger": [Function],
  "email": [Function],
}
`;

exports[`the generated schema is the same as a manually defined schema 2`] = `
Object {
  "a": [Function],
  "as": [Function],
  "bs": [Function],
}
`;
